[2021-10-06T09:47:47.259+0200][12ms] Using Parallel
[2021-10-06T09:47:50.316+0200][3069ms] GC(0) Pause Young (Allocation Failure)
[2021-10-06T09:47:50.329+0200][3082ms] GC(0) PSYoungGen: 262144K(305664K)->14963K(305664K) Eden: 262144K(262144K)->0K(262144K) From: 0K(43520K)->14963K(43520K)
[2021-10-06T09:47:50.330+0200][3083ms] GC(0) ParOldGen: 0K(699392K)->16K(699392K)
[2021-10-06T09:47:50.330+0200][3083ms] GC(0) Metaspace: 14353K(14848K)->14353K(14848K)
[2021-10-06T09:47:50.330+0200][3083ms] GC(0) Pause Young (Allocation Failure) 256M->14M(981M) 13.700ms
[2021-10-06T09:47:50.330+0200][3083ms] GC(0) User=0.09s Sys=0.02s Real=0.01s
[2021-10-06T09:47:51.122+0200][3875ms] GC(1) Pause Young (Allocation Failure)
[2021-10-06T09:47:51.131+0200][3884ms] GC(1) PSYoungGen: 277096K(305664K)->26816K(305664K) Eden: 262133K(262144K)->0K(262144K) From: 14963K(43520K)->26816K(43520K)
[2021-10-06T09:47:51.131+0200][3884ms] GC(1) ParOldGen: 16K(699392K)->24K(699392K)
[2021-10-06T09:47:51.131+0200][3884ms] GC(1) Metaspace: 14520K(14848K)->14520K(14848K)
[2021-10-06T09:47:51.131+0200][3884ms] GC(1) Pause Young (Allocation Failure) 270M->26M(981M) 8.687ms
[2021-10-06T09:47:51.131+0200][3884ms] GC(1) User=0.07s Sys=0.06s Real=0.01s
[2021-10-06T09:47:51.689+0200][4442ms] GC(2) Pause Young (Allocation Failure)
[2021-10-06T09:47:51.699+0200][4452ms] GC(2) PSYoungGen: 286731K(305664K)->28325K(305664K) Eden: 259914K(262144K)->0K(262144K) From: 26816K(43520K)->28325K(43520K)
[2021-10-06T09:47:51.699+0200][4452ms] GC(2) ParOldGen: 24K(699392K)->32K(699392K)
[2021-10-06T09:47:51.699+0200][4452ms] GC(2) Metaspace: 14543K(14848K)->14543K(14848K)
[2021-10-06T09:47:51.699+0200][4452ms] GC(2) Pause Young (Allocation Failure) 280M->27M(981M) 9.753ms
[2021-10-06T09:47:51.699+0200][4452ms] GC(2) User=0.11s Sys=0.03s Real=0.01s
[2021-10-06T09:47:52.128+0200][4881ms] GC(3) Pause Young (Allocation Failure)
[2021-10-06T09:47:52.142+0200][4895ms] GC(3) PSYoungGen: 290469K(305664K)->39948K(567808K) Eden: 262144K(262144K)->0K(524288K) From: 28325K(43520K)->39948K(43520K)
[2021-10-06T09:47:52.142+0200][4895ms] GC(3) ParOldGen: 32K(699392K)->40K(699392K)
[2021-10-06T09:47:52.142+0200][4895ms] GC(3) Metaspace: 14543K(14848K)->14543K(14848K)
[2021-10-06T09:47:52.142+0200][4895ms] GC(3) Pause Young (Allocation Failure) 283M->39M(1237M) 14.196ms
[2021-10-06T09:47:52.142+0200][4895ms] GC(3) User=0.13s Sys=0.05s Real=0.01s
[2021-10-06T09:47:53.381+0200][6134ms] GC(4) Pause Young (Metadata GC Threshold)
[2021-10-06T09:47:53.395+0200][6148ms] GC(4) PSYoungGen: 563514K(567808K)->43488K(567808K) Eden: 523565K(524288K)->0K(524288K) From: 39948K(43520K)->43488K(43520K)
[2021-10-06T09:47:53.395+0200][6148ms] GC(4) ParOldGen: 40K(699392K)->3352K(699392K)
[2021-10-06T09:47:53.395+0200][6148ms] GC(4) Metaspace: 20749K(21248K)->20749K(21248K)
[2021-10-06T09:47:53.395+0200][6148ms] GC(4) Pause Young (Metadata GC Threshold) 550M->45M(1237M) 13.479ms
[2021-10-06T09:47:53.395+0200][6148ms] GC(4) User=0.13s Sys=0.08s Real=0.02s
[2021-10-06T09:47:53.395+0200][6148ms] GC(5) Pause Full (Metadata GC Threshold)
[2021-10-06T09:47:53.395+0200][6148ms] GC(5) Marking Phase
[2021-10-06T09:47:53.415+0200][6168ms] GC(5) Marking Phase 20.044ms
[2021-10-06T09:47:53.415+0200][6168ms] GC(5) Summary Phase
[2021-10-06T09:47:53.415+0200][6168ms] GC(5) Summary Phase 0.015ms
[2021-10-06T09:47:53.415+0200][6168ms] GC(5) Adjust Roots
[2021-10-06T09:47:53.425+0200][6178ms] GC(5) Adjust Roots 10.344ms
[2021-10-06T09:47:53.425+0200][6178ms] GC(5) Compaction Phase
[2021-10-06T09:47:53.443+0200][6196ms] GC(5) Compaction Phase 17.763ms
[2021-10-06T09:47:53.443+0200][6196ms] GC(5) Post Compact
[2021-10-06T09:47:53.447+0200][6200ms] GC(5) Post Compact 3.743ms
[2021-10-06T09:47:53.447+0200][6200ms] GC(5) PSYoungGen: 43488K(567808K)->0K(567808K) Eden: 0K(524288K)->0K(524288K) From: 43488K(43520K)->0K(43520K)
[2021-10-06T09:47:53.447+0200][6200ms] GC(5) ParOldGen: 3352K(699392K)->46256K(699392K)
[2021-10-06T09:47:53.447+0200][6200ms] GC(5) Metaspace: 20749K(21248K)->20749K(21248K)
[2021-10-06T09:47:53.447+0200][6200ms] GC(5) Pause Full (Metadata GC Threshold) 45M->45M(1237M) 52.139ms
[2021-10-06T09:47:53.447+0200][6200ms] GC(5) User=0.38s Sys=0.08s Real=0.05s
[2021-10-06T09:47:54.759+0200][7512ms] GC(6) Pause Young (Metadata GC Threshold)
[2021-10-06T09:47:54.769+0200][7522ms] GC(6) PSYoungGen: 264279K(567808K)->18488K(578048K) Eden: 264279K(524288K)->0K(524288K) From: 0K(43520K)->18488K(53760K)
[2021-10-06T09:47:54.769+0200][7522ms] GC(6) ParOldGen: 46256K(699392K)->46264K(699392K)
[2021-10-06T09:47:54.769+0200][7522ms] GC(6) Metaspace: 33412K(35328K)->33412K(35328K)
[2021-10-06T09:47:54.769+0200][7522ms] GC(6) Pause Young (Metadata GC Threshold) 303M->63M(1247M) 9.487ms
[2021-10-06T09:47:54.769+0200][7522ms] GC(6) User=0.13s Sys=0.03s Real=0.01s
[2021-10-06T09:47:54.769+0200][7522ms] GC(7) Pause Full (Metadata GC Threshold)
[2021-10-06T09:47:54.769+0200][7522ms] GC(7) Marking Phase
[2021-10-06T09:47:54.800+0200][7553ms] GC(7) Marking Phase 31.181ms
[2021-10-06T09:47:54.800+0200][7553ms] GC(7) Summary Phase
[2021-10-06T09:47:54.800+0200][7553ms] GC(7) Summary Phase 0.018ms
[2021-10-06T09:47:54.800+0200][7553ms] GC(7) Adjust Roots
[2021-10-06T09:47:54.812+0200][7565ms] GC(7) Adjust Roots 11.977ms
[2021-10-06T09:47:54.812+0200][7565ms] GC(7) Compaction Phase
[2021-10-06T09:47:54.823+0200][7576ms] GC(7) Compaction Phase 11.427ms
[2021-10-06T09:47:54.824+0200][7577ms] GC(7) Post Compact
[2021-10-06T09:47:54.825+0200][7578ms] GC(7) Post Compact 1.566ms
[2021-10-06T09:47:54.825+0200][7578ms] GC(7) PSYoungGen: 18488K(578048K)->0K(578048K) Eden: 0K(524288K)->0K(524288K) From: 18488K(53760K)->0K(53760K)
[2021-10-06T09:47:54.825+0200][7578ms] GC(7) ParOldGen: 46264K(699392K)->64052K(699392K)
[2021-10-06T09:47:54.825+0200][7578ms] GC(7) Metaspace: 33412K(35328K)->33412K(35328K)
[2021-10-06T09:47:54.825+0200][7578ms] GC(7) Pause Full (Metadata GC Threshold) 63M->62M(1247M) 56.404ms
[2021-10-06T09:47:54.825+0200][7578ms] GC(7) User=0.63s Sys=0.03s Real=0.06s
[2021-10-06T09:47:56.542+0200][9295ms] GC(8) Pause Young (Allocation Failure)
[2021-10-06T09:47:56.565+0200][9318ms] GC(8) PSYoungGen: 524288K(578048K)->26261K(578560K) Eden: 524288K(524288K)->0K(524288K) From: 0K(53760K)->26261K(54272K)
[2021-10-06T09:47:56.565+0200][9318ms] GC(8) ParOldGen: 64052K(699392K)->64068K(699392K)
[2021-10-06T09:47:56.565+0200][9318ms] GC(8) Metaspace: 48073K(52224K)->48073K(52224K)
[2021-10-06T09:47:56.565+0200][9318ms] GC(8) Pause Young (Allocation Failure) 574M->88M(1248M) 23.041ms
[2021-10-06T09:47:56.565+0200][9318ms] GC(8) User=0.12s Sys=0.41s Real=0.03s
[2021-10-06T09:47:57.158+0200][9911ms] GC(9) Pause Young (Metadata GC Threshold)
[2021-10-06T09:47:57.177+0200][9930ms] GC(9) PSYoungGen: 185775K(578560K)->31520K(1097216K) Eden: 159513K(524288K)->0K(1048576K) From: 26261K(54272K)->31520K(48640K)
[2021-10-06T09:47:57.177+0200][9930ms] GC(9) ParOldGen: 64068K(699392K)->64076K(699392K)
[2021-10-06T09:47:57.177+0200][9930ms] GC(9) Metaspace: 54069K(58880K)->54069K(58880K)
[2021-10-06T09:47:57.177+0200][9930ms] GC(9) Pause Young (Metadata GC Threshold) 243M->93M(1754M) 19.205ms
[2021-10-06T09:47:57.177+0200][9930ms] GC(9) User=0.14s Sys=0.08s Real=0.02s
[2021-10-06T09:47:57.178+0200][9931ms] GC(10) Pause Full (Metadata GC Threshold)
[2021-10-06T09:47:57.178+0200][9931ms] GC(10) Marking Phase
[2021-10-06T09:47:57.206+0200][9959ms] GC(10) Marking Phase 28.642ms
[2021-10-06T09:47:57.206+0200][9959ms] GC(10) Summary Phase
[2021-10-06T09:47:57.206+0200][9959ms] GC(10) Summary Phase 0.014ms
[2021-10-06T09:47:57.206+0200][9959ms] GC(10) Adjust Roots
[2021-10-06T09:47:57.223+0200][9976ms] GC(10) Adjust Roots 16.300ms
[2021-10-06T09:47:57.223+0200][9976ms] GC(10) Compaction Phase
[2021-10-06T09:47:57.243+0200][9996ms] GC(10) Compaction Phase 20.174ms
[2021-10-06T09:47:57.243+0200][9996ms] GC(10) Post Compact
[2021-10-06T09:47:57.244+0200][9997ms] GC(10) Post Compact 1.134ms
[2021-10-06T09:47:57.244+0200][9997ms] GC(10) PSYoungGen: 31520K(1097216K)->0K(1097216K) Eden: 0K(1048576K)->0K(1048576K) From: 31520K(48640K)->0K(48640K)
[2021-10-06T09:47:57.244+0200][9997ms] GC(10) ParOldGen: 64076K(699392K)->93769K(699392K)
[2021-10-06T09:47:57.244+0200][9997ms] GC(10) Metaspace: 54069K(58880K)->54032K(58880K)
[2021-10-06T09:47:57.244+0200][9997ms] GC(10) Pause Full (Metadata GC Threshold) 93M->91M(1754M) 66.572ms
[2021-10-06T09:47:57.244+0200][9997ms] GC(10) User=0.71s Sys=0.05s Real=0.06s
[2021-10-06T09:47:59.738+0200][12491ms] GC(11) Pause Young (Allocation Failure)
[2021-10-06T09:47:59.759+0200][12512ms] GC(11) PSYoungGen: 1045030K(1097216K)->50145K(1098752K) Eden: 1045030K(1048576K)->0K(1048576K) From: 0K(48640K)->50145K(50176K)
[2021-10-06T09:47:59.759+0200][12512ms] GC(11) ParOldGen: 93769K(699392K)->142545K(699392K)
[2021-10-06T09:47:59.759+0200][12512ms] GC(11) Metaspace: 86977K(94976K)->86977K(94976K)
[2021-10-06T09:47:59.759+0200][12512ms] GC(11) Pause Young (Allocation Failure) 1112M->188M(1756M) 21.123ms
[2021-10-06T09:47:59.759+0200][12512ms] GC(11) User=0.21s Sys=0.07s Real=0.02s
[2021-10-06T09:48:00.366+0200][13119ms] GC(12) Pause Young (Allocation Failure)
[2021-10-06T09:48:00.468+0200][13221ms] GC(12) PSYoungGen: 1098721K(1098752K)->75757K(2055168K) Eden: 1048576K(1048576K)->0K(1979392K) From: 50145K(50176K)->75757K(75776K)
[2021-10-06T09:48:00.468+0200][13221ms] GC(12) ParOldGen: 142545K(699392K)->432398K(699392K)
[2021-10-06T09:48:00.468+0200][13221ms] GC(12) Metaspace: 87461K(95488K)->87461K(95488K)
[2021-10-06T09:48:00.468+0200][13221ms] GC(12) Pause Young (Allocation Failure) 1212M->496M(2690M) 102.052ms
[2021-10-06T09:48:00.468+0200][13221ms] GC(12) User=1.99s Sys=0.29s Real=0.10s
[2021-10-06T09:48:00.907+0200][13660ms] GC(13) Pause Young (Allocation Failure)
[2021-10-06T09:48:01.167+0200][13920ms] GC(13) PSYoungGen: 2044774K(2055168K)->193506K(2172928K) Eden: 1969016K(1979392K)->0K(1979392K) From: 75757K(75776K)->193506K(193536K)
[2021-10-06T09:48:01.167+0200][13920ms] GC(13) ParOldGen: 432398K(699392K)->1054871K(1058304K)
[2021-10-06T09:48:01.167+0200][13920ms] GC(13) Metaspace: 87609K(95488K)->87609K(95488K)
[2021-10-06T09:48:01.167+0200][13920ms] GC(13) Pause Young (Allocation Failure) 2419M->1219M(3155M) 260.168ms
[2021-10-06T09:48:01.167+0200][13920ms] GC(13) User=5.06s Sys=0.80s Real=0.26s
[2021-10-06T09:48:01.168+0200][13921ms] GC(14) Pause Full (Ergonomics)
[2021-10-06T09:48:01.168+0200][13921ms] GC(14) Marking Phase
[2021-10-06T09:48:01.378+0200][14131ms] GC(14) Marking Phase 209.788ms
[2021-10-06T09:48:01.378+0200][14131ms] GC(14) Summary Phase
[2021-10-06T09:48:01.378+0200][14131ms] GC(14) Summary Phase 0.054ms
[2021-10-06T09:48:01.378+0200][14131ms] GC(14) Adjust Roots
[2021-10-06T09:48:01.414+0200][14167ms] GC(14) Adjust Roots 35.824ms
[2021-10-06T09:48:01.414+0200][14167ms] GC(14) Compaction Phase
[2021-10-06T09:48:02.596+0200][15349ms] GC(14) Compaction Phase 1182.085ms
[2021-10-06T09:48:02.596+0200][15349ms] GC(14) Post Compact
[2021-10-06T09:48:02.615+0200][15368ms] GC(14) Post Compact 18.516ms
[2021-10-06T09:48:02.619+0200][15372ms] GC(14) PSYoungGen: 193506K(2172928K)->113994K(2172928K) Eden: 0K(1979392K)->0K(1979392K) From: 193506K(193536K)->113994K(193536K)
[2021-10-06T09:48:02.619+0200][15372ms] GC(14) ParOldGen: 1054871K(1058304K)->1058225K(1833472K)
[2021-10-06T09:48:02.619+0200][15372ms] GC(14) Metaspace: 87609K(95488K)->87233K(95488K)
[2021-10-06T09:48:02.619+0200][15372ms] GC(14) Pause Full (Ergonomics) 1219M->1144M(3912M) 1450.592ms
[2021-10-06T09:48:02.619+0200][15372ms] GC(14) User=9.20s Sys=0.20s Real=1.45s
[2021-10-06T09:48:03.580+0200][16333ms] GC(15) Pause Young (Allocation Failure)
[2021-10-06T09:48:04.138+0200][16891ms] GC(15) PSYoungGen: 2093386K(2172928K)->457185K(3101696K) Eden: 1979392K(1979392K)->0K(2644480K) From: 113994K(193536K)->457185K(457216K)
[2021-10-06T09:48:04.138+0200][16891ms] GC(15) ParOldGen: 1058225K(1833472K)->1438997K(1833472K)
[2021-10-06T09:48:04.138+0200][16891ms] GC(15) Metaspace: 87357K(95744K)->87357K(95744K)
[2021-10-06T09:48:04.138+0200][16891ms] GC(15) Pause Young (Allocation Failure) 3077M->1851M(4819M) 557.810ms
[2021-10-06T09:48:04.138+0200][16891ms] GC(15) User=4.98s Sys=6.05s Real=0.56s
[2021-10-06T09:48:04.138+0200][16891ms] GC(16) Pause Full (Ergonomics)
[2021-10-06T09:48:04.138+0200][16891ms] GC(16) Marking Phase
[2021-10-06T09:48:04.380+0200][17133ms] GC(16) Marking Phase 241.575ms
[2021-10-06T09:48:04.380+0200][17133ms] GC(16) Summary Phase
[2021-10-06T09:48:04.380+0200][17133ms] GC(16) Summary Phase 0.143ms
[2021-10-06T09:48:04.380+0200][17133ms] GC(16) Adjust Roots
[2021-10-06T09:48:04.397+0200][17150ms] GC(16) Adjust Roots 17.138ms
[2021-10-06T09:48:04.397+0200][17150ms] GC(16) Compaction Phase
[2021-10-06T09:48:05.456+0200][18209ms] GC(16) Compaction Phase 1058.964ms
[2021-10-06T09:48:05.456+0200][18209ms] GC(16) Post Compact
[2021-10-06T09:48:05.475+0200][18228ms] GC(16) Post Compact 18.332ms
[2021-10-06T09:48:05.477+0200][18230ms] GC(16) PSYoungGen: 457185K(3101696K)->0K(3734016K) Eden: 0K(2644480K)->0K(3051520K) From: 457185K(457216K)->0K(682496K)
[2021-10-06T09:48:05.477+0200][18230ms] GC(16) ParOldGen: 1438997K(1833472K)->1738853K(2918912K)
[2021-10-06T09:48:05.477+0200][18230ms] GC(16) Metaspace: 87357K(95744K)->87357K(95744K)
[2021-10-06T09:48:05.477+0200][18230ms] GC(16) Pause Full (Ergonomics) 1851M->1698M(6497M) 1339.064ms
[2021-10-06T09:48:05.477+0200][18230ms] GC(16) User=10.27s Sys=0.49s Real=1.34s
[2021-10-06T09:48:06.663+0200][19416ms] GC(17) Pause Young (Allocation Failure)
[2021-10-06T09:48:07.123+0200][19876ms] GC(17) PSYoungGen: 3049753K(3734016K)->682468K(3801088K) Eden: 3049753K(3051520K)->0K(3118592K) From: 0K(682496K)->682468K(682496K)
[2021-10-06T09:48:07.123+0200][19876ms] GC(17) ParOldGen: 1738853K(2918912K)->2044637K(2918912K)
[2021-10-06T09:48:07.123+0200][19876ms] GC(17) Metaspace: 87366K(95744K)->87366K(95744K)
[2021-10-06T09:48:07.123+0200][19876ms] GC(17) Pause Young (Allocation Failure) 4676M->2663M(6562M) 460.166ms
[2021-10-06T09:48:07.123+0200][19876ms] GC(17) User=4.24s Sys=6.29s Real=0.46s
[2021-10-06T09:48:07.788+0200][20541ms] GC(18) Pause Young (Allocation Failure)
[2021-10-06T09:48:08.232+0200][20985ms] GC(18) PSYoungGen: 3801060K(3801088K)->922598K(4041216K) Eden: 3118592K(3118592K)->0K(3118592K) From: 682468K(682496K)->922598K(922624K)
[2021-10-06T09:48:08.232+0200][20985ms] GC(18) ParOldGen: 2044637K(2918912K)->2888029K(2918912K)
[2021-10-06T09:48:08.232+0200][20985ms] GC(18) Metaspace: 87367K(95744K)->87367K(95744K)
[2021-10-06T09:48:08.232+0200][20985ms] GC(18) Pause Young (Allocation Failure) 5708M->3721M(6797M) 444.372ms
[2021-10-06T09:48:08.232+0200][20985ms] GC(18) User=7.60s Sys=2.56s Real=0.44s
[2021-10-06T09:48:08.232+0200][20985ms] GC(19) Pause Full (Ergonomics)
[2021-10-06T09:48:08.232+0200][20985ms] GC(19) Marking Phase
[2021-10-06T09:48:08.663+0200][21416ms] GC(19) Marking Phase 430.315ms
[2021-10-06T09:48:08.663+0200][21416ms] GC(19) Summary Phase
[2021-10-06T09:48:08.663+0200][21416ms] GC(19) Summary Phase 0.474ms
[2021-10-06T09:48:08.664+0200][21417ms] GC(19) Adjust Roots
[2021-10-06T09:48:08.680+0200][21433ms] GC(19) Adjust Roots 16.027ms
[2021-10-06T09:48:08.680+0200][21433ms] GC(19) Compaction Phase
[2021-10-06T09:48:10.040+0200][22793ms] GC(19) Compaction Phase 1360.653ms
[2021-10-06T09:48:10.040+0200][22793ms] GC(19) Post Compact
[2021-10-06T09:48:10.069+0200][22822ms] GC(19) Post Compact 28.989ms
[2021-10-06T09:48:10.074+0200][22827ms] GC(19) PSYoungGen: 922598K(4041216K)->855483K(4041216K) Eden: 0K(3118592K)->0K(3118592K) From: 922598K(922624K)->855483K(922624K)
[2021-10-06T09:48:10.074+0200][22827ms] GC(19) ParOldGen: 2888029K(2918912K)->2918630K(4663808K)
[2021-10-06T09:48:10.074+0200][22827ms] GC(19) Metaspace: 87367K(95744K)->87367K(95744K)
[2021-10-06T09:48:10.074+0200][22827ms] GC(19) Pause Full (Ergonomics) 3721M->3685M(8501M) 1841.554ms
[2021-10-06T09:48:10.074+0200][22827ms] GC(19) User=21.22s Sys=0.27s Real=1.85s
[2021-10-06T09:48:10.536+0200][23289ms] GC(20) Pause Young (Allocation Failure)
[2021-10-06T09:48:10.958+0200][23711ms] GC(20) PSYoungGen: 3974075K(4041216K)->968478K(5520896K) Eden: 3118592K(3118592K)->0K(4115968K) From: 855483K(922624K)->968478K(1404928K)
[2021-10-06T09:48:10.958+0200][23711ms] GC(20) ParOldGen: 2918630K(4663808K)->3775769K(4663808K)
[2021-10-06T09:48:10.958+0200][23711ms] GC(20) Metaspace: 87368K(95744K)->87368K(95744K)
[2021-10-06T09:48:10.958+0200][23711ms] GC(20) Pause Young (Allocation Failure) 6731M->4633M(9946M) 422.835ms
[2021-10-06T09:48:10.958+0200][23711ms] GC(20) User=8.22s Sys=1.47s Real=0.42s
[2021-10-06T09:48:11.761+0200][24514ms] GC(21) Pause Young (Allocation Failure)
[2021-10-06T09:48:12.263+0200][25016ms] GC(21) PSYoungGen: 5084446K(5520896K)->1504226K(5620224K) Eden: 4115968K(4115968K)->0K(4115968K) From: 968478K(1404928K)->1504226K(1504256K)
[2021-10-06T09:48:12.263+0200][25016ms] GC(21) ParOldGen: 3775769K(4663808K)->4561417K(4663808K)
[2021-10-06T09:48:12.263+0200][25016ms] GC(21) Metaspace: 87368K(95744K)->87368K(95744K)
[2021-10-06T09:48:12.263+0200][25016ms] GC(21) Pause Young (Allocation Failure) 8652M->5923M(10043M) 501.908ms
[2021-10-06T09:48:12.263+0200][25016ms] GC(21) User=9.20s Sys=2.35s Real=0.50s
[2021-10-06T09:48:12.263+0200][25016ms] GC(22) Pause Full (Ergonomics)
[2021-10-06T09:48:12.263+0200][25016ms] GC(22) Marking Phase
[2021-10-06T09:48:12.948+0200][25701ms] GC(22) Marking Phase 684.734ms
[2021-10-06T09:48:12.948+0200][25701ms] GC(22) Summary Phase
[2021-10-06T09:48:12.948+0200][25701ms] GC(22) Summary Phase 0.211ms
[2021-10-06T09:48:12.948+0200][25701ms] GC(22) Adjust Roots
[2021-10-06T09:48:12.957+0200][25710ms] GC(22) Adjust Roots 9.089ms
[2021-10-06T09:48:12.957+0200][25710ms] GC(22) Compaction Phase
[2021-10-06T09:48:14.492+0200][27245ms] GC(22) Compaction Phase 1534.795ms
[2021-10-06T09:48:14.492+0200][27245ms] GC(22) Post Compact
[2021-10-06T09:48:14.545+0200][27298ms] GC(22) Post Compact 53.052ms
[2021-10-06T09:48:14.551+0200][27304ms] GC(22) PSYoungGen: 1504226K(5620224K)->1367290K(5620224K) Eden: 0K(4115968K)->0K(4115968K) From: 1504226K(1504256K)->1367290K(1504256K)
[2021-10-06T09:48:14.551+0200][27304ms] GC(22) ParOldGen: 4561417K(4663808K)->4663331K(7131648K)
[2021-10-06T09:48:14.551+0200][27304ms] GC(22) Metaspace: 87368K(95744K)->87368K(95744K)
[2021-10-06T09:48:14.551+0200][27304ms] GC(22) Pause Full (Ergonomics) 5923M->5889M(12453M) 2288.031ms
[2021-10-06T09:48:14.551+0200][27304ms] GC(22) User=32.18s Sys=4.40s Real=2.29s
[2021-10-06T09:48:15.307+0200][28060ms] GC(23) Pause Young (Allocation Failure)
[2021-10-06T09:48:16.568+0200][29321ms] GC(23) PSYoungGen: 5483258K(5620224K)->1038056K(7099392K) Eden: 4115968K(4115968K)->0K(5030912K) From: 1367290K(1504256K)->1038056K(2068480K)
[2021-10-06T09:48:16.568+0200][29321ms] GC(23) ParOldGen: 4663331K(7131648K)->6036115K(7131648K)
[2021-10-06T09:48:16.568+0200][29321ms] GC(23) Metaspace: 87371K(95744K)->87371K(95744K)
[2021-10-06T09:48:16.568+0200][29321ms] GC(23) Pause Young (Allocation Failure) 9908M->6908M(13897M) 1261.013ms
[2021-10-06T09:48:16.568+0200][29321ms] GC(23) User=15.21s Sys=13.54s Real=1.26s
[2021-10-06T09:48:16.568+0200][29321ms] GC(24) Pause Full (Ergonomics)
[2021-10-06T09:48:16.568+0200][29321ms] GC(24) Marking Phase
[2021-10-06T09:48:17.281+0200][30034ms] GC(24) Marking Phase 712.436ms
[2021-10-06T09:48:17.281+0200][30034ms] GC(24) Summary Phase
[2021-10-06T09:48:17.281+0200][30034ms] GC(24) Summary Phase 0.445ms
[2021-10-06T09:48:17.281+0200][30034ms] GC(24) Adjust Roots
[2021-10-06T09:48:17.290+0200][30043ms] GC(24) Adjust Roots 8.175ms
[2021-10-06T09:48:17.290+0200][30043ms] GC(24) Compaction Phase
[2021-10-06T09:48:18.217+0200][30970ms] GC(24) Compaction Phase 927.763ms
[2021-10-06T09:48:18.217+0200][30970ms] GC(24) Post Compact
[2021-10-06T09:48:18.270+0200][31023ms] GC(24) Post Compact 52.955ms
[2021-10-06T09:48:18.277+0200][31030ms] GC(24) PSYoungGen: 1038056K(7099392K)->0K(7095296K) Eden: 0K(5030912K)->0K(5030912K) From: 1038056K(2068480K)->0K(2064384K)
[2021-10-06T09:48:18.277+0200][31030ms] GC(24) ParOldGen: 6036115K(7131648K)->7003863K(10158080K)
[2021-10-06T09:48:18.277+0200][31030ms] GC(24) Metaspace: 87371K(95744K)->87371K(95744K)
[2021-10-06T09:48:18.277+0200][31030ms] GC(24) Pause Full (Ergonomics) 6908M->6839M(16849M) 1709.039ms
[2021-10-06T09:48:18.278+0200][31031ms] GC(24) User=29.30s Sys=0.86s Real=1.71s
[2021-10-06T09:48:19.246+0200][31999ms] GC(25) Pause Young (Allocation Failure)
[2021-10-06T09:48:19.440+0200][32193ms] GC(25) PSYoungGen: 5030912K(7095296K)->1159307K(8010752K) Eden: 5030912K(5030912K)->0K(6023168K) From: 0K(2064384K)->1159307K(1987584K)
[2021-10-06T09:48:19.440+0200][32193ms] GC(25) ParOldGen: 7003863K(10158080K)->7003871K(10158080K)
[2021-10-06T09:48:19.440+0200][32193ms] GC(25) Metaspace: 87379K(95744K)->87379K(95744K)
[2021-10-06T09:48:19.440+0200][32193ms] GC(25) Pause Young (Allocation Failure) 11752M->7971M(17743M) 194.222ms
[2021-10-06T09:48:19.440+0200][32193ms] GC(25) User=2.03s Sys=2.34s Real=0.19s
[2021-10-06T09:48:20.231+0200][32984ms] GC(26) Pause Young (Allocation Failure)
[2021-10-06T09:48:21.740+0200][34493ms] GC(26) PSYoungGen: 7182475K(8010752K)->2095591K(8118784K) Eden: 6023168K(6023168K)->0K(6023168K) From: 1159307K(1987584K)->2095591K(2095616K)
[2021-10-06T09:48:21.740+0200][34493ms] GC(26) ParOldGen: 7003871K(10158080K)->7302446K(10158080K)
[2021-10-06T09:48:21.740+0200][34493ms] GC(26) Metaspace: 87593K(96000K)->87593K(96000K)
[2021-10-06T09:48:21.740+0200][34493ms] GC(26) Pause Young (Allocation Failure) 13853M->9177M(17848M) 1508.769ms
[2021-10-06T09:48:21.740+0200][34493ms] GC(26) User=4.87s Sys=29.17s Real=1.51s
[2021-10-06T09:48:22.334+0200][35087ms] GC(27) Pause Young (Allocation Failure)
[2021-10-06T09:48:22.817+0200][35570ms] GC(27) PSYoungGen: 8118759K(8118784K)->2137039K(9860608K) Eden: 6023168K(6023168K)->0K(7291904K) From: 2095591K(2095616K)->2137039K(2568704K)
[2021-10-06T09:48:22.817+0200][35570ms] GC(27) ParOldGen: 7302446K(10158080K)->8483455K(10158080K)
[2021-10-06T09:48:22.817+0200][35570ms] GC(27) Metaspace: 87593K(96000K)->87593K(96000K)
[2021-10-06T09:48:22.817+0200][35570ms] GC(27) Pause Young (Allocation Failure) 15059M->10371M(19549M) 482.775ms
[2021-10-06T09:48:22.817+0200][35570ms] GC(27) User=6.60s Sys=4.25s Real=0.48s
[2021-10-06T09:48:24.336+0200][37089ms] GC(28) Pause Young (Allocation Failure)
[2021-10-06T09:48:24.815+0200][37568ms] GC(28) PSYoungGen: 9428943K(9860608K)->2854895K(10146816K) Eden: 7291904K(7291904K)->0K(7291904K) From: 2137039K(2568704K)->2854895K(2854912K)
[2021-10-06T09:48:24.816+0200][37569ms] GC(28) ParOldGen: 8483455K(10158080K)->9193311K(10158080K)
[2021-10-06T09:48:24.816+0200][37569ms] GC(28) Metaspace: 88351K(96768K)->88351K(96768K)
[2021-10-06T09:48:24.816+0200][37569ms] GC(28) Pause Young (Allocation Failure) 17492M->11765M(19829M) 479.431ms
[2021-10-06T09:48:24.816+0200][37569ms] GC(28) User=6.92s Sys=3.92s Real=0.48s
[2021-10-06T09:48:24.816+0200][37569ms] GC(29) Pause Full (Ergonomics)
[2021-10-06T09:48:24.816+0200][37569ms] GC(29) Marking Phase
[2021-10-06T09:48:26.193+0200][38946ms] GC(29) Marking Phase 1377.015ms
[2021-10-06T09:48:26.193+0200][38946ms] GC(29) Summary Phase
[2021-10-06T09:48:26.193+0200][38946ms] GC(29) Summary Phase 0.444ms
[2021-10-06T09:48:26.193+0200][38946ms] GC(29) Adjust Roots
[2021-10-06T09:48:26.209+0200][38962ms] GC(29) Adjust Roots 15.277ms
[2021-10-06T09:48:26.209+0200][38962ms] GC(29) Compaction Phase
[2021-10-06T09:48:28.209+0200][40962ms] GC(29) Compaction Phase 2000.734ms
[2021-10-06T09:48:28.209+0200][40962ms] GC(29) Post Compact
[2021-10-06T09:48:28.309+0200][41062ms] GC(29) Post Compact 99.382ms
[2021-10-06T09:48:28.316+0200][41069ms] GC(29) PSYoungGen: 2854895K(10146816K)->1693541K(10146816K) Eden: 0K(7291904K)->0K(7291904K) From: 2854895K(2854912K)->1693541K(2854912K)
[2021-10-06T09:48:28.316+0200][41069ms] GC(29) ParOldGen: 9193311K(10158080K)->10158034K(13832704K)
[2021-10-06T09:48:28.316+0200][41069ms] GC(29) Metaspace: 88351K(96768K)->88351K(96768K)
[2021-10-06T09:48:28.316+0200][41069ms] GC(29) Pause Full (Ergonomics) 11765M->11573M(23417M) 3500.315ms
[2021-10-06T09:48:28.316+0200][41069ms] GC(29) User=50.44s Sys=8.04s Real=3.50s
[2021-10-06T09:48:34.278+0200][47031ms] GC(30) Pause Young (Allocation Failure)
[2021-10-06T09:48:36.219+0200][48972ms] GC(30) PSYoungGen: 8985445K(10146816K)->3607541K(11250176K) Eden: 7291904K(7291904K)->0K(7642624K) From: 1693541K(2854912K)->3607541K(3607552K)
[2021-10-06T09:48:36.219+0200][48972ms] GC(30) ParOldGen: 10158034K(13832704K)->12772532K(13832704K)
[2021-10-06T09:48:36.219+0200][48972ms] GC(30) Metaspace: 113499K(123904K)->113499K(123904K)
[2021-10-06T09:48:36.219+0200][48972ms] GC(30) Pause Young (Allocation Failure) 18694M->15996M(24495M) 1941.920ms
[2021-10-06T09:48:36.220+0200][48973ms] GC(30) User=15.74s Sys=20.27s Real=1.94s
[2021-10-06T09:48:36.220+0200][48973ms] GC(31) Pause Full (Ergonomics)
[2021-10-06T09:48:36.220+0200][48973ms] GC(31) Marking Phase
[2021-10-06T09:48:37.343+0200][50096ms] GC(31) Marking Phase 1122.957ms
[2021-10-06T09:48:37.343+0200][50096ms] GC(31) Summary Phase
[2021-10-06T09:48:37.344+0200][50097ms] GC(31) Summary Phase 0.586ms
[2021-10-06T09:48:37.344+0200][50097ms] GC(31) Adjust Roots
[2021-10-06T09:48:37.409+0200][50162ms] GC(31) Adjust Roots 65.274ms
[2021-10-06T09:48:37.409+0200][50162ms] GC(31) Compaction Phase
[2021-10-06T09:48:39.020+0200][51773ms] GC(31) Compaction Phase 1611.180ms
[2021-10-06T09:48:39.020+0200][51773ms] GC(31) Post Compact
[2021-10-06T09:48:39.186+0200][51939ms] GC(31) Post Compact 166.252ms
[2021-10-06T09:48:39.196+0200][51949ms] GC(31) PSYoungGen: 3607541K(11250176K)->818014K(11250176K) Eden: 0K(7642624K)->0K(7642624K) From: 3607541K(3607552K)->818014K(3607552K)
[2021-10-06T09:48:39.196+0200][51949ms] GC(31) ParOldGen: 12772532K(13832704K)->13757898K(18505728K)
[2021-10-06T09:48:39.196+0200][51949ms] GC(31) Metaspace: 113499K(123904K)->112949K(123904K)
[2021-10-06T09:48:39.196+0200][51949ms] GC(31) Pause Full (Ergonomics) 15996M->14234M(29058M) 2976.275ms
[2021-10-06T09:48:39.196+0200][51949ms] GC(31) User=47.44s Sys=1.38s Real=2.98s
[2021-10-06T09:48:40.174+0200][52927ms] GC(32) Pause Young (Allocation Failure)
[2021-10-06T09:48:43.111+0200][55864ms] GC(32) PSYoungGen: 8460638K(11250176K)->3288933K(12843008K) Eden: 7642624K(7642624K)->0K(7642624K) From: 818014K(3607552K)->3288933K(5200384K)
[2021-10-06T09:48:43.111+0200][55864ms] GC(32) ParOldGen: 13757898K(18505728K)->14579796K(18505728K)
[2021-10-06T09:48:43.111+0200][55864ms] GC(32) Metaspace: 117716K(128768K)->117716K(128768K)
[2021-10-06T09:48:43.111+0200][55864ms] GC(32) Pause Young (Allocation Failure) 21697M->17449M(30614M) 2937.791ms
[2021-10-06T09:48:43.111+0200][55864ms] GC(32) User=15.97s Sys=51.78s Real=2.93s
[2021-10-06T09:48:43.633+0200][56386ms] GC(33) Pause Young (Allocation Failure)
[2021-10-06T09:48:45.129+0200][57882ms] GC(33) PSYoungGen: 10931557K(12843008K)->5415400K(13626368K) Eden: 7642624K(7642624K)->0K(8210944K) From: 3288933K(5200384K)->5415400K(5415424K)
[2021-10-06T09:48:45.129+0200][57882ms] GC(33) ParOldGen: 14579796K(18505728K)->16242046K(18505728K)
[2021-10-06T09:48:45.129+0200][57882ms] GC(33) Metaspace: 120728K(131584K)->120728K(131584K)
[2021-10-06T09:48:45.129+0200][57882ms] GC(33) Pause Young (Allocation Failure) 24913M->21149M(31379M) 1496.494ms
[2021-10-06T09:48:45.129+0200][57882ms] GC(33) User=25.97s Sys=8.72s Real=1.49s
[2021-10-06T09:48:45.666+0200][58419ms] GC(34) Pause Young (Allocation Failure)
[2021-10-06T09:48:48.887+0200][61640ms] GC(34) PSYoungGen: 13626344K(13626368K)->4203065K(15180800K) Eden: 8210944K(8210944K)->0K(8210944K) From: 5415400K(5415424K)->4203065K(6969856K)
[2021-10-06T09:48:48.887+0200][61640ms] GC(34) ParOldGen: 16242046K(18505728K)->21675745K(21676032K)
[2021-10-06T09:48:48.887+0200][61640ms] GC(34) Metaspace: 121912K(132864K)->121912K(132864K)
[2021-10-06T09:48:48.887+0200][61640ms] GC(34) Pause Young (Allocation Failure) 29168M->25272M(35993M) 3221.573ms
[2021-10-06T09:48:48.887+0200][61640ms] GC(34) User=56.85s Sys=13.33s Real=3.22s
[2021-10-06T09:48:48.888+0200][61641ms] GC(35) Pause Full (Ergonomics)
[2021-10-06T09:48:48.888+0200][61641ms] GC(35) Marking Phase
[2021-10-06T09:48:51.108+0200][63861ms] GC(35) Marking Phase 2220.508ms
[2021-10-06T09:48:51.108+0200][63861ms] GC(35) Summary Phase
[2021-10-06T09:48:51.109+0200][63862ms] GC(35) Summary Phase 0.771ms
[2021-10-06T09:48:51.109+0200][63862ms] GC(35) Adjust Roots
[2021-10-06T09:48:51.155+0200][63908ms] GC(35) Adjust Roots 45.963ms
[2021-10-06T09:48:51.155+0200][63908ms] GC(35) Compaction Phase
[2021-10-06T09:48:54.526+0200][67279ms] GC(35) Compaction Phase 3370.559ms
[2021-10-06T09:48:54.526+0200][67279ms] GC(35) Post Compact
[2021-10-06T09:48:54.719+0200][67472ms] GC(35) Post Compact 193.045ms
[2021-10-06T09:48:54.732+0200][67485ms] GC(35) PSYoungGen: 4203065K(15180800K)->4126750K(15180800K) Eden: 0K(8210944K)->0K(8210944K) From: 4203065K(6969856K)->4126750K(6969856K)
[2021-10-06T09:48:54.732+0200][67485ms] GC(35) ParOldGen: 21675745K(21676032K)->21675961K(28438016K)
[2021-10-06T09:48:54.732+0200][67485ms] GC(35) Metaspace: 121912K(132864K)->121910K(132864K)
[2021-10-06T09:48:54.732+0200][67485ms] GC(35) Pause Full (Ergonomics) 25272M->25197M(42596M) 5844.486ms
[2021-10-06T09:48:54.732+0200][67485ms] GC(35) User=117.91s Sys=1.10s Real=5.84s
[2021-10-06T09:48:55.273+0200][68026ms] GC(36) Pause Young (Allocation Failure)
[2021-10-06T09:48:58.513+0200][71266ms] GC(36) PSYoungGen: 12337694K(15180800K)->4159025K(14976000K) Eden: 8210944K(8210944K)->0K(7809024K) From: 4126750K(6969856K)->4159025K(7166976K)
[2021-10-06T09:48:58.513+0200][71266ms] GC(36) ParOldGen: 21675961K(28438016K)->25824299K(28438016K)
[2021-10-06T09:48:58.513+0200][71266ms] GC(36) Metaspace: 122093K(132864K)->122093K(132864K)
[2021-10-06T09:48:58.513+0200][71266ms] GC(36) Pause Young (Allocation Failure) 33216M->29280M(42396M) 3239.944ms
[2021-10-06T09:48:58.513+0200][71266ms] GC(36) User=52.34s Sys=22.14s Real=3.24s
[2021-10-06T09:48:58.513+0200][71266ms] GC(37) Pause Full (Ergonomics)
[2021-10-06T09:48:58.513+0200][71266ms] GC(37) Marking Phase
[2021-10-06T09:49:01.165+0200][73918ms] GC(37) Marking Phase 2651.735ms
[2021-10-06T09:49:01.165+0200][73918ms] GC(37) Summary Phase
[2021-10-06T09:49:01.166+0200][73919ms] GC(37) Summary Phase 0.949ms
[2021-10-06T09:49:01.166+0200][73919ms] GC(37) Adjust Roots
[2021-10-06T09:49:01.197+0200][73950ms] GC(37) Adjust Roots 31.251ms
[2021-10-06T09:49:01.197+0200][73950ms] GC(37) Compaction Phase
[2021-10-06T09:49:03.954+0200][76707ms] GC(37) Compaction Phase 2756.410ms
[2021-10-06T09:49:03.954+0200][76707ms] GC(37) Post Compact
[2021-10-06T09:49:04.172+0200][76925ms] GC(37) Post Compact 218.233ms
[2021-10-06T09:49:04.187+0200][76940ms] GC(37) PSYoungGen: 4159025K(14976000K)->1517275K(14976000K) Eden: 0K(7809024K)->0K(7809024K) From: 4159025K(7166976K)->1517275K(7166976K)
[2021-10-06T09:49:04.187+0200][76940ms] GC(37) ParOldGen: 25824299K(28438016K)->28437846K(36355584K)
[2021-10-06T09:49:04.187+0200][76940ms] GC(37) Metaspace: 122093K(132864K)->122010K(132864K)
[2021-10-06T09:49:04.187+0200][76940ms] GC(37) Pause Full (Ergonomics) 29280M->29253M(50128M) 5674.219ms
[2021-10-06T09:49:04.188+0200][76941ms] GC(37) User=112.39s Sys=2.57s Real=5.67s
[2021-10-06T09:49:04.877+0200][77630ms] GC(38) Pause Young (Allocation Failure)
[2021-10-06T09:49:06.283+0200][79036ms] GC(38) PSYoungGen: 9326299K(14976000K)->3823163K(15089152K) Eden: 7809024K(7809024K)->0K(7809024K) From: 1517275K(7166976K)->3823163K(7280128K)
[2021-10-06T09:49:06.283+0200][79036ms] GC(38) ParOldGen: 28437846K(36355584K)->29962907K(36355584K)
[2021-10-06T09:49:06.283+0200][79036ms] GC(38) Metaspace: 122051K(132864K)->122051K(132864K)
[2021-10-06T09:49:06.283+0200][79036ms] GC(38) Pause Young (Allocation Failure) 36879M->32994M(50239M) 1406.170ms
[2021-10-06T09:49:06.283+0200][79036ms] GC(38) User=31.00s Sys=1.28s Real=1.40s
[2021-10-06T09:49:07.227+0200][79980ms] GC(39) Pause Young (Allocation Failure)
[2021-10-06T09:49:09.219+0200][81972ms] GC(39) PSYoungGen: 11632187K(15089152K)->3557603K(14671872K) Eden: 7809024K(7809024K)->0K(7872512K) From: 3823163K(7280128K)->3557603K(6799360K)
[2021-10-06T09:49:09.219+0200][81972ms] GC(39) ParOldGen: 29962907K(36355584K)->33799736K(36355584K)
[2021-10-06T09:49:09.219+0200][81972ms] GC(39) Metaspace: 122059K(132864K)->122059K(132864K)
[2021-10-06T09:49:09.219+0200][81972ms] GC(39) Pause Young (Allocation Failure) 40620M->36481M(49831M) 1991.348ms
[2021-10-06T09:49:09.219+0200][81972ms] GC(39) User=40.89s Sys=4.73s Real=1.99s
[2021-10-06T09:49:09.219+0200][81972ms] GC(40) Pause Full (Ergonomics)
[2021-10-06T09:49:09.219+0200][81972ms] GC(40) Marking Phase
[2021-10-06T09:49:12.674+0200][85427ms] GC(40) Marking Phase 3454.945ms
[2021-10-06T09:49:12.674+0200][85427ms] GC(40) Summary Phase
[2021-10-06T09:49:12.675+0200][85428ms] GC(40) Summary Phase 1.099ms
[2021-10-06T09:49:12.675+0200][85428ms] GC(40) Adjust Roots
[2021-10-06T09:49:12.695+0200][85448ms] GC(40) Adjust Roots 20.052ms
[2021-10-06T09:49:12.695+0200][85448ms] GC(40) Compaction Phase
[2021-10-06T09:49:16.052+0200][88805ms] GC(40) Compaction Phase 3356.903ms
[2021-10-06T09:49:16.052+0200][88805ms] GC(40) Post Compact
[2021-10-06T09:49:16.335+0200][89088ms] GC(40) Post Compact 282.714ms
[2021-10-06T09:49:16.352+0200][89105ms] GC(40) PSYoungGen: 3557603K(14671872K)->581932K(14905344K) Eden: 0K(7872512K)->0K(8105984K) From: 3557603K(6799360K)->581932K(6799360K)
[2021-10-06T09:49:16.352+0200][89105ms] GC(40) ParOldGen: 33799736K(36355584K)->36355336K(44739584K)
[2021-10-06T09:49:16.352+0200][89105ms] GC(40) Metaspace: 122059K(132864K)->122059K(132864K)
[2021-10-06T09:49:16.352+0200][89105ms] GC(40) Pause Full (Ergonomics) 36481M->36071M(58247M) 7132.481ms
[2021-10-06T09:49:16.352+0200][89105ms] GC(40) User=143.54s Sys=4.78s Real=7.13s
[2021-10-06T09:49:17.569+0200][90322ms] GC(41) Pause Young (Allocation Failure)
[2021-10-06T09:49:18.880+0200][91633ms] GC(41) PSYoungGen: 8687916K(14905344K)->3519035K(15138816K) Eden: 8105984K(8105984K)->0K(8105984K) From: 581932K(6799360K)->3519035K(7032832K)
[2021-10-06T09:49:18.880+0200][91633ms] GC(41) ParOldGen: 36355336K(44739584K)->36940210K(44739584K)
[2021-10-06T09:49:18.880+0200][91633ms] GC(41) Metaspace: 122079K(132864K)->122079K(132864K)
[2021-10-06T09:49:18.880+0200][91633ms] GC(41) Pause Young (Allocation Failure) 43987M->39510M(58475M) 1310.740ms
[2021-10-06T09:49:18.880+0200][91633ms] GC(41) User=27.48s Sys=2.64s Real=1.31s
[2021-10-06T09:50:24.800+0200][157553ms] GC(42) Pause Young (Allocation Failure)
[2021-10-06T09:50:25.870+0200][158623ms] GC(42) PSYoungGen: 11625019K(15138816K)->4672501K(15067136K) Eden: 8105984K(8105984K)->0K(8231936K) From: 3519035K(7032832K)->4672501K(6835200K)
[2021-10-06T09:50:25.870+0200][158623ms] GC(42) ParOldGen: 36940210K(44739584K)->36940218K(44739584K)
[2021-10-06T09:50:25.870+0200][158623ms] GC(42) Metaspace: 125189K(135936K)->125189K(135936K)
[2021-10-06T09:50:25.870+0200][158623ms] GC(42) Pause Young (Allocation Failure) 47426M->40637M(58405M) 1069.987ms
[2021-10-06T09:50:25.870+0200][158623ms] GC(42) User=15.01s Sys=9.42s Real=1.07s
[2021-10-06T09:50:32.745+0200][165498ms] GC(43) Pause Young (Allocation Failure)
[2021-10-06T09:50:33.369+0200][166122ms] GC(43) PSYoungGen: 12904437K(15067136K)->4340117K(12572160K) Eden: 8231936K(8231936K)->0K(8231936K) From: 4672501K(6835200K)->4340117K(4340224K)
[2021-10-06T09:50:33.369+0200][166122ms] GC(43) ParOldGen: 36940218K(44739584K)->36940226K(44739584K)
[2021-10-06T09:50:33.369+0200][166122ms] GC(43) Metaspace: 127122K(137984K)->127122K(137984K)
[2021-10-06T09:50:33.369+0200][166122ms] GC(43) Pause Young (Allocation Failure) 48676M->40312M(55968M) 623.935ms
[2021-10-06T09:50:33.369+0200][166122ms] GC(43) User=10.40s Sys=4.02s Real=0.62s
[2021-10-06T09:50:37.332+0200][170085ms] GC(44) Pause Young (Allocation Failure)
[2021-10-06T09:50:37.908+0200][170661ms] GC(44) PSYoungGen: 12572053K(12572160K)->4944809K(14797824K) Eden: 8231936K(8231936K)->0K(7687168K) From: 4340117K(4340224K)->4944809K(7110656K)
[2021-10-06T09:50:37.909+0200][170662ms] GC(44) ParOldGen: 36940226K(44739584K)->36940234K(44739584K)
[2021-10-06T09:50:37.909+0200][170662ms] GC(44) Metaspace: 127192K(137984K)->127192K(137984K)
[2021-10-06T09:50:37.909+0200][170662ms] GC(44) Pause Young (Allocation Failure) 48351M->40903M(58142M) 577.020ms
[2021-10-06T09:50:37.909+0200][170662ms] GC(44) User=11.96s Sys=1.13s Real=0.58s
[2021-10-06T09:50:40.091+0200][172844ms] GC(45) Pause Young (Allocation Failure)
[2021-10-06T09:50:40.631+0200][173384ms] GC(45) PSYoungGen: 12631977K(14797824K)->4926264K(12613632K) Eden: 7687168K(7687168K)->0K(7687168K) From: 4944809K(7110656K)->4926264K(4926464K)
[2021-10-06T09:50:40.631+0200][173384ms] GC(45) ParOldGen: 36940234K(44739584K)->36940242K(44739584K)
[2021-10-06T09:50:40.631+0200][173384ms] GC(45) Metaspace: 128941K(139776K)->128941K(139776K)
[2021-10-06T09:50:40.631+0200][173384ms] GC(45) Pause Young (Allocation Failure) 48410M->40885M(56009M) 540.289ms
[2021-10-06T09:50:40.631+0200][173384ms] GC(45) User=12.60s Sys=0.05s Real=0.54s
[2021-10-06T09:50:45.202+0200][177955ms] GC(46) Pause Young (Allocation Failure)
[2021-10-06T09:50:47.080+0200][179833ms] GC(46) PSYoungGen: 12613432K(12613632K)->990768K(14913024K) Eden: 7687168K(7687168K)->0K(7456768K) From: 4926264K(4926464K)->990768K(7456256K)
[2021-10-06T09:50:47.080+0200][179833ms] GC(46) ParOldGen: 36940242K(44739584K)->40955273K(44739584K)
[2021-10-06T09:50:47.080+0200][179833ms] GC(46) Metaspace: 129340K(140288K)->129340K(140288K)
[2021-10-06T09:50:47.080+0200][179833ms] GC(46) Pause Young (Allocation Failure) 48392M->40962M(58254M) 1878.071ms
[2021-10-06T09:50:47.080+0200][179833ms] GC(46) User=39.01s Sys=4.15s Real=1.88s
[2021-10-06T09:50:47.080+0200][179833ms] GC(47) Pause Full (Ergonomics)
[2021-10-06T09:50:47.080+0200][179833ms] GC(47) Marking Phase
[2021-10-06T09:50:51.118+0200][183871ms] GC(47) Marking Phase 4038.151ms
[2021-10-06T09:50:51.118+0200][183871ms] GC(47) Summary Phase
[2021-10-06T09:50:51.120+0200][183873ms] GC(47) Summary Phase 2.161ms
[2021-10-06T09:50:51.120+0200][183873ms] GC(47) Adjust Roots
[2021-10-06T09:50:51.172+0200][183925ms] GC(47) Adjust Roots 51.300ms
[2021-10-06T09:50:51.172+0200][183925ms] GC(47) Compaction Phase
[2021-10-06T09:50:55.333+0200][188086ms] GC(47) Compaction Phase 4161.469ms
[2021-10-06T09:50:55.333+0200][188086ms] GC(47) Post Compact
[2021-10-06T09:50:55.641+0200][188394ms] GC(47) Post Compact 308.074ms
[2021-10-06T09:50:55.642+0200][188395ms] GC(47) PSYoungGen: 990768K(14913024K)->0K(14913024K) Eden: 0K(7456768K)->0K(7456768K) From: 990768K(7456256K)->0K(7456256K)
[2021-10-06T09:50:55.642+0200][188395ms] GC(47) ParOldGen: 40955273K(44739584K)->39608109K(44739584K)
[2021-10-06T09:50:55.642+0200][188395ms] GC(47) Metaspace: 129340K(140288K)->128897K(140288K)
[2021-10-06T09:50:55.642+0200][188395ms] GC(47) Pause Full (Ergonomics) 40962M->38679M(58254M) 8561.530ms
[2021-10-06T09:50:55.642+0200][188395ms] GC(47) User=178.06s Sys=5.18s Real=8.56s
[2021-10-06T09:50:57.971+0200][190724ms] GC(48) Pause Full (Ergonomics)
[2021-10-06T09:50:57.971+0200][190724ms] GC(48) Marking Phase
[2021-10-06T09:51:01.870+0200][194623ms] GC(48) Marking Phase 3898.841ms
[2021-10-06T09:51:01.870+0200][194623ms] GC(48) Summary Phase
[2021-10-06T09:51:01.873+0200][194626ms] GC(48) Summary Phase 2.553ms
[2021-10-06T09:51:01.878+0200][194631ms] GC(48) Adjust Roots
[2021-10-06T09:51:01.926+0200][194679ms] GC(48) Adjust Roots 47.802ms
[2021-10-06T09:51:01.926+0200][194679ms] GC(48) Compaction Phase
[2021-10-06T09:51:05.235+0200][197988ms] GC(48) Compaction Phase 3309.714ms
[2021-10-06T09:51:05.235+0200][197988ms] GC(48) Post Compact
[2021-10-06T09:51:05.600+0200][198353ms] GC(48) Post Compact 364.723ms
[2021-10-06T09:51:05.600+0200][198353ms] GC(48) PSYoungGen: 7456767K(14913024K)->0K(14913024K) Eden: 7456767K(7456768K)->0K(7456768K) From: 0K(7456256K)->0K(7456256K)
[2021-10-06T09:51:05.600+0200][198353ms] GC(48) ParOldGen: 39608109K(44739584K)->40430191K(44739584K)
[2021-10-06T09:51:05.600+0200][198353ms] GC(48) Metaspace: 129078K(140544K)->129075K(140544K)
[2021-10-06T09:51:05.600+0200][198353ms] GC(48) Pause Full (Ergonomics) 45961M->39482M(58254M) 7629.226ms
[2021-10-06T09:51:05.601+0200][198354ms] GC(48) User=143.20s Sys=2.85s Real=7.63s
[2021-10-06T09:51:07.674+0200][200427ms] GC(49) Pause Full (Ergonomics)
[2021-10-06T09:51:07.674+0200][200427ms] GC(49) Marking Phase
[2021-10-06T09:51:11.456+0200][204209ms] GC(49) Marking Phase 3782.323ms
[2021-10-06T09:51:11.456+0200][204209ms] GC(49) Summary Phase
[2021-10-06T09:51:11.458+0200][204211ms] GC(49) Summary Phase 2.403ms
[2021-10-06T09:51:11.458+0200][204211ms] GC(49) Adjust Roots
[2021-10-06T09:51:11.483+0200][204236ms] GC(49) Adjust Roots 24.389ms
[2021-10-06T09:51:11.483+0200][204236ms] GC(49) Compaction Phase
[2021-10-06T09:51:13.444+0200][206197ms] GC(49) Compaction Phase 1961.194ms
[2021-10-06T09:51:13.444+0200][206197ms] GC(49) Post Compact
[2021-10-06T09:51:13.758+0200][206511ms] GC(49) Post Compact 313.733ms
[2021-10-06T09:51:13.758+0200][206511ms] GC(49) PSYoungGen: 7456768K(14913024K)->0K(14913024K) Eden: 7456768K(7456768K)->0K(7456768K) From: 0K(7456256K)->0K(7456256K)
[2021-10-06T09:51:13.758+0200][206511ms] GC(49) ParOldGen: 40430191K(44739584K)->40681497K(44739584K)
[2021-10-06T09:51:13.758+0200][206511ms] GC(49) Metaspace: 129179K(140544K)->129179K(140544K)
[2021-10-06T09:51:13.758+0200][206511ms] GC(49) Pause Full (Ergonomics) 46764M->39728M(58254M) 6084.455ms
[2021-10-06T09:51:13.758+0200][206511ms] GC(49) User=122.33s Sys=0.53s Real=6.08s
[2021-10-06T09:51:15.395+0200][208148ms] GC(50) Pause Full (Ergonomics)
[2021-10-06T09:51:15.395+0200][208148ms] GC(50) Marking Phase
[2021-10-06T09:51:19.178+0200][211931ms] GC(50) Marking Phase 3782.804ms
[2021-10-06T09:51:19.178+0200][211931ms] GC(50) Summary Phase
[2021-10-06T09:51:19.180+0200][211933ms] GC(50) Summary Phase 2.596ms
[2021-10-06T09:51:19.180+0200][211933ms] GC(50) Adjust Roots
[2021-10-06T09:51:19.217+0200][211970ms] GC(50) Adjust Roots 36.621ms
[2021-10-06T09:51:19.217+0200][211970ms] GC(50) Compaction Phase
[2021-10-06T09:51:22.048+0200][214801ms] GC(50) Compaction Phase 2830.968ms
[2021-10-06T09:51:22.048+0200][214801ms] GC(50) Post Compact
[2021-10-06T09:51:22.364+0200][215117ms] GC(50) Post Compact 316.290ms
[2021-10-06T09:51:22.365+0200][215118ms] GC(50) PSYoungGen: 7456768K(14913024K)->0K(14913024K) Eden: 7456768K(7456768K)->0K(7456768K) From: 0K(7456256K)->0K(7456256K)
[2021-10-06T09:51:22.365+0200][215118ms] GC(50) ParOldGen: 40681497K(44739584K)->41641864K(44739584K)
[2021-10-06T09:51:22.365+0200][215118ms] GC(50) Metaspace: 129248K(140544K)->129248K(140544K)
[2021-10-06T09:51:22.365+0200][215118ms] GC(50) Pause Full (Ergonomics) 47010M->40665M(58254M) 6969.769ms
[2021-10-06T09:51:22.365+0200][215118ms] GC(50) User=145.88s Sys=0.69s Real=6.97s
[2021-10-06T12:52:16.996+0200][11069749ms] Heap
[2021-10-06T12:52:16.996+0200][11069749ms]  PSYoungGen      total 13766656K, used 3197034K [0x00007f9960f00000, 0x00007f9ded100000, 0x00007f9eb6400000)
[2021-10-06T12:52:16.996+0200][11069749ms]   eden space 8904704K, 6% used [0x00007f9960f00000,0x00007f99855fc960,0x00007f9b80700000)
[2021-10-06T12:52:16.996+0200][11069749ms]   from space 4861952K, 53% used [0x00007f9cc4500000,0x00007f9d6301e140,0x00007f9ded100000)
[2021-10-06T12:52:16.996+0200][11069749ms]   to   space 5084160K, 0% used [0x00007f9b80700000,0x00007f9b80700000,0x00007f9cb6c00000)
[2021-10-06T12:52:16.996+0200][11069749ms]  ParOldGen       total 44739584K, used 38954989K [0x00007f8eb6400000, 0x00007f9960f00000, 0x00007f9960f00000)
[2021-10-06T12:52:16.996+0200][11069749ms]   object space 44739584K, 87% used [0x00007f8eb6400000,0x00007f97ffdfb7f0,0x00007f9960f00000)
[2021-10-06T12:52:16.996+0200][11069749ms]  Metaspace       used 134022K, capacity 145128K, committed 145408K, reserved 145408K
